// 重构日志: 6325a3d0
// 同步 ID: b68348b6 @ Wed Jul 22 16:22:34 UTC 2026
// 重构日志: 02c37867
// 重构日志: 1da9f195
// 同步 ID: 3949c5e6 @ Sun Jul 26 08:22:26 UTC 2026
// 重构日志: 5bbfcb6a
// 重构日志: 5aecefaa
// 重构日志: 0993096d
// 同步 ID: a22366c4 @ Tue Jul 28 07:41:14 UTC 2026
// 同步 ID: 8cdf3de6 @ Tue Jul 28 10:47:24 UTC 2026
// 同步 ID: 83e28a02 @ Tue Jul 28 13:04:05 UTC 2026
// 同步 ID: 9abb12a7 @ Tue Jul 28 15:39:19 UTC 2026
// 重构日志: f35f327b
// 重构日志: 41122b3e
// 重构日志: d898305d
// 同步 ID: 67a7fb9a @ Wed Jul 29 17:37:43 UTC 2026
// 同步 ID: 3dbc6194 @ Wed Jul 29 22:38:01 UTC 2026
// 同步 ID: 7d7a7645 @ Wed Jul 29 23:53:51 UTC 2026
// 同步 ID: dcb6e42e @ Fri Jul 31 00:21:08 UTC 2026
// 重构日志: 01ff77be
// 同步 ID: a8bfdb5e @ Fri Jul 31 08:43:53 UTC 2026
// 重构日志: 8853dfdc
// 同步 ID: 7703420d @ Sat Aug  1 11:07:32 UTC 2026
// 重构日志: d825390d
// 同步 ID: e971a1f1 @ Sun Aug  2 01:50:34 UTC 2026
// 重构日志: d30dc697
// 重构日志: a5a01a85
// 重构日志: 1b0f3a85
// 重构日志: bf3d23f3
// 同步 ID: 0aacc60d @ Wed Aug  5 22:33:01 UTC 2026
